
> admin-web@0.1.0 build
> cross-env NODE_OPTIONS=--max-old-space-size=8192 next build

▲ Next.js 16.2.4 (Turbopack)
- Environments: .env.local

  Creating an optimized production build ...

> Build error occurred
Error: Turbopack build failed with 14 errors:
./src/app/(dashboard)/bookings/page.tsx:16:1
Export bookingSchema doesn't exist in target module
  [90m14 |[0m [36mimport[0m { useForm } [36mfrom[0m [32m'react-hook-form'[0m
  [90m15 |[0m [36mimport[0m { zodResolver } [36mfrom[0m [32m'@hookform/resolvers/zod'[0m
[31m[1m>[0m [90m16 |[0m [36mimport[0m { bookingSchema, [33mBookingFormData[0m } [36mfrom[0m [32m'@/lib/validations'[0m
  [90m   |[0m [31m[1m^^^^^^^^^^^^^^^^^^^^^^^^^^^^^^^^^^^^^^^^^^^^^^^^^^^^^^^^^^^^^^^^^^[0m
  [90m17 |[0m [36mimport[0m { toast } [36mfrom[0m [32m'sonner'[0m
  [90m18 |[0m
  [90m19 |[0m [36mexport[0m [36mdefault[0m [36mfunction[0m [33mBookingsPage[0m() {

The export bookingSchema was not found in module [project]/src/lib/validations.ts [app-client] (ecmascript).
Did you mean to import checkLocationPermissions?
All exports of the module are statically known (It doesn't have dynamic exports). So it's known statically that the requested export doesn't exist.

Import traces:
  Client Component Browser:
    ./src/app/(dashboard)/bookings/page.tsx [Client Component Browser]
    ./src/app/(dashboard)/bookings/page.tsx [Server Component]

  Client Component SSR:
    ./src/app/(dashboard)/bookings/page.tsx [Client Component SSR]
    ./src/app/(dashboard)/bookings/page.tsx [Server Component]


./src/app/(dashboard)/bookings/page.tsx:16:1
Export bookingSchema doesn't exist in target module
  [90m14 |[0m [36mimport[0m { useForm } [36mfrom[0m [32m'react-hook-form'[0m
  [90m15 |[0m [36mimport[0m { zodResolver } [36mfrom[0m [32m'@hookform/resolvers/zod'[0m
[31m[1m>[0m [90m16 |[0m [36mimport[0m { bookingSchema, [33mBookingFormData[0m } [36mfrom[0m [32m'@/lib/validations'[0m
  [90m   |[0m [31m[1m^^^^^^^^^^^^^^^^^^^^^^^^^^^^^^^^^^^^^^^^^^^^^^^^^^^^^^^^^^^^^^^^^^[0m
  [90m17 |[0m [36mimport[0m { toast } [36mfrom[0m [32m'sonner'[0m
  [90m18 |[0m
  [90m19 |[0m [36mexport[0m [36mdefault[0m [36mfunction[0m [33mBookingsPage[0m() {

The export bookingSchema was not found in module [project]/src/lib/validations.ts [app-ssr] (ecmascript).
Did you mean to import checkLocationPermissions?
All exports of the module are statically known (It doesn't have dynamic exports). So it's known statically that the requested export doesn't exist.

Import traces:
  Client Component Browser:
    ./src/app/(dashboard)/bookings/page.tsx [Client Component Browser]
    ./src/app/(dashboard)/bookings/page.tsx [Server Component]

  Client Component SSR:
    ./src/app/(dashboard)/bookings/page.tsx [Client Component SSR]
    ./src/app/(dashboard)/bookings/page.tsx [Server Component]


./src/app/(dashboard)/coupons/page.tsx:14:1
Export couponSchema doesn't exist in target module
  [90m12 |[0m ...rm } [36mfrom[0m [32m'react-hook-form'[0m
  [90m13 |[0m ...solver } [36mfrom[0m [32m'@hookform/resolvers/zod'[0m
[31m[1m>[0m [90m14 |[0m ...nSchema, [33mCouponFormData[0m, referralSettingsSchema, [33mReferralSettingsFormData[0m } [36mfrom[0m [32m'@/lib...[0m
  [90m   |[0m    [31m[1m^^^^^^^^^^^^^^^^^^^^^^^^^^^^^^^^^^^^^^^^^^^^^^^^^^^^^^^^^^^^^^^^^^^^^^^^^^^^^^^^^^^^^^^^^^[0m
  [90m15 |[0m ... } [36mfrom[0m [32m'sonner'[0m
  [90m16 |[0m ...
  [90m17 |[0m ... [36mfunction[0m [33mCouponsPage[0m() {

The export couponSchema was not found in module [project]/src/lib/validations.ts [app-client] (ecmascript).
Did you mean to import checkLocationPermissions?
All exports of the module are statically known (It doesn't have dynamic exports). So it's known statically that the requested export doesn't exist.

Import traces:
  Client Component Browser:
    ./src/app/(dashboard)/coupons/page.tsx [Client Component Browser]
    ./src/app/(dashboard)/coupons/page.tsx [Server Component]

  Client Component SSR:
    ./src/app/(dashboard)/coupons/page.tsx [Client Component SSR]
    ./src/app/(dashboard)/coupons/page.tsx [Server Component]


./src/app/(dashboard)/coupons/page.tsx:14:1
Export couponSchema doesn't exist in target module
  [90m12 |[0m ...rm } [36mfrom[0m [32m'react-hook-form'[0m
  [90m13 |[0m ...solver } [36mfrom[0m [32m'@hookform/resolvers/zod'[0m
[31m[1m>[0m [90m14 |[0m ...nSchema, [33mCouponFormData[0m, referralSettingsSchema, [33mReferralSettingsFormData[0m } [36mfrom[0m [32m'@/lib...[0m
  [90m   |[0m    [31m[1m^^^^^^^^^^^^^^^^^^^^^^^^^^^^^^^^^^^^^^^^^^^^^^^^^^^^^^^^^^^^^^^^^^^^^^^^^^^^^^^^^^^^^^^^^^[0m
  [90m15 |[0m ... } [36mfrom[0m [32m'sonner'[0m
  [90m16 |[0m ...
  [90m17 |[0m ... [36mfunction[0m [33mCouponsPage[0m() {

The export couponSchema was not found in module [project]/src/lib/validations.ts [app-ssr] (ecmascript).
Did you mean to import checkLocationPermissions?
All exports of the module are statically known (It doesn't have dynamic exports). So it's known statically that the requested export doesn't exist.

Import traces:
  Client Component Browser:
    ./src/app/(dashboard)/coupons/page.tsx [Client Component Browser]
    ./src/app/(dashboard)/coupons/page.tsx [Server Component]

  Client Component SSR:
    ./src/app/(dashboard)/coupons/page.tsx [Client Component SSR]
    ./src/app/(dashboard)/coupons/page.tsx [Server Component]


./src/app/(dashboard)/drivers/page.tsx:14:1
Export driverSchema doesn't exist in target module
  [90m12 |[0m [36mimport[0m { useForm } [36mfrom[0m [32m'react-hook-form'[0m
  [90m13 |[0m [36mimport[0m { zodResolver } [36mfrom[0m [32m'@hookform/resolvers/zod'[0m
[31m[1m>[0m [90m14 |[0m [36mimport[0m { driverSchema, [33mDriverFormData[0m } [36mfrom[0m [32m'@/lib/validations'[0m
  [90m   |[0m [31m[1m^^^^^^^^^^^^^^^^^^^^^^^^^^^^^^^^^^^^^^^^^^^^^^^^^^^^^^^^^^^^^^^^[0m
  [90m15 |[0m [36mimport[0m { toast } [36mfrom[0m [32m'sonner'[0m
  [90m16 |[0m
  [90m17 |[0m [36mexport[0m [36mdefault[0m [36mfunction[0m [33mDriversPage[0m() {

The export driverSchema was not found in module [project]/src/lib/validations.ts [app-client] (ecmascript).
Did you mean to import checkLocationPermissions?
All exports of the module are statically known (It doesn't have dynamic exports). So it's known statically that the requested export doesn't exist.

Import traces:
  Client Component Browser:
    ./src/app/(dashboard)/drivers/page.tsx [Client Component Browser]
    ./src/app/(dashboard)/drivers/page.tsx [Server Component]

  Client Component SSR:
    ./src/app/(dashboard)/drivers/page.tsx [Client Component SSR]
    ./src/app/(dashboard)/drivers/page.tsx [Server Component]


./src/app/(dashboard)/drivers/page.tsx:14:1
Export driverSchema doesn't exist in target module
  [90m12 |[0m [36mimport[0m { useForm } [36mfrom[0m [32m'react-hook-form'[0m
  [90m13 |[0m [36mimport[0m { zodResolver } [36mfrom[0m [32m'@hookform/resolvers/zod'[0m
[31m[1m>[0m [90m14 |[0m [36mimport[0m { driverSchema, [33mDriverFormData[0m } [36mfrom[0m [32m'@/lib/validations'[0m
  [90m   |[0m [31m[1m^^^^^^^^^^^^^^^^^^^^^^^^^^^^^^^^^^^^^^^^^^^^^^^^^^^^^^^^^^^^^^^^[0m
  [90m15 |[0m [36mimport[0m { toast } [36mfrom[0m [32m'sonner'[0m
  [90m16 |[0m
  [90m17 |[0m [36mexport[0m [36mdefault[0m [36mfunction[0m [33mDriversPage[0m() {

The export driverSchema was not found in module [project]/src/lib/validations.ts [app-ssr] (ecmascript).
Did you mean to import checkLocationPermissions?
All exports of the module are statically known (It doesn't have dynamic exports). So it's known statically that the requested export doesn't exist.

Import traces:
  Client Component Browser:
    ./src/app/(dashboard)/drivers/page.tsx [Client Component Browser]
    ./src/app/(dashboard)/drivers/page.tsx [Server Component]

  Client Component SSR:
    ./src/app/(dashboard)/drivers/page.tsx [Client Component SSR]
    ./src/app/(dashboard)/drivers/page.tsx [Server Component]


./src/app/(dashboard)/coupons/page.tsx:14:1
Export referralSettingsSchema doesn't exist in target module
  [90m12 |[0m ...rm } [36mfrom[0m [32m'react-hook-form'[0m
  [90m13 |[0m ...solver } [36mfrom[0m [32m'@hookform/resolvers/zod'[0m
[31m[1m>[0m [90m14 |[0m ...nSchema, [33mCouponFormData[0m, referralSettingsSchema, [33mReferralSettingsFormData[0m } [36mfrom[0m [32m'@/lib...[0m
  [90m   |[0m    [31m[1m^^^^^^^^^^^^^^^^^^^^^^^^^^^^^^^^^^^^^^^^^^^^^^^^^^^^^^^^^^^^^^^^^^^^^^^^^^^^^^^^^^^^^^^^^^[0m
  [90m15 |[0m ... } [36mfrom[0m [32m'sonner'[0m
  [90m16 |[0m ...
  [90m17 |[0m ... [36mfunction[0m [33mCouponsPage[0m() {

The export referralSettingsSchema was not found in module [project]/src/lib/validations.ts [app-client] (ecmascript).
Did you mean to import validateBooking?
All exports of the module are statically known (It doesn't have dynamic exports). So it's known statically that the requested export doesn't exist.

Import traces:
  Client Component Browser:
    ./src/app/(dashboard)/coupons/page.tsx [Client Component Browser]
    ./src/app/(dashboard)/coupons/page.tsx [Server Component]

  Client Component SSR:
    ./src/app/(dashboard)/coupons/page.tsx [Client Component SSR]
    ./src/app/(dashboard)/coupons/page.tsx [Server Component]


./src/app/(dashboard)/coupons/page.tsx:14:1
Export referralSettingsSchema doesn't exist in target module
  [90m12 |[0m ...rm } [36mfrom[0m [32m'react-hook-form'[0m
  [90m13 |[0m ...solver } [36mfrom[0m [32m'@hookform/resolvers/zod'[0m
[31m[1m>[0m [90m14 |[0m ...nSchema, [33mCouponFormData[0m, referralSettingsSchema, [33mReferralSettingsFormData[0m } [36mfrom[0m [32m'@/lib...[0m
  [90m   |[0m    [31m[1m^^^^^^^^^^^^^^^^^^^^^^^^^^^^^^^^^^^^^^^^^^^^^^^^^^^^^^^^^^^^^^^^^^^^^^^^^^^^^^^^^^^^^^^^^^[0m
  [90m15 |[0m ... } [36mfrom[0m [32m'sonner'[0m
  [90m16 |[0m ...
  [90m17 |[0m ... [36mfunction[0m [33mCouponsPage[0m() {

The export referralSettingsSchema was not found in module [project]/src/lib/validations.ts [app-ssr] (ecmascript).
Did you mean to import validateBooking?
All exports of the module are statically known (It doesn't have dynamic exports). So it's known statically that the requested export doesn't exist.

Import traces:
  Client Component Browser:
    ./src/app/(dashboard)/coupons/page.tsx [Client Component Browser]
    ./src/app/(dashboard)/coupons/page.tsx [Server Component]

  Client Component SSR:
    ./src/app/(dashboard)/coupons/page.tsx [Client Component SSR]
    ./src/app/(dashboard)/coupons/page.tsx [Server Component]


./src/app/(dashboard)/support/page.tsx:14:1
Export supportTicketReplySchema doesn't exist in target module
  [90m12 |[0m [36mimport[0m { useForm } [36mfrom[0m [32m'react-hook-form'[0m
  [90m13 |[0m [36mimport[0m { zodResolver } [36mfrom[0m [32m'@hookform/resolvers/zod'[0m
[31m[1m>[0m [90m14 |[0m [36mimport[0m { supportTicketReplySchema, [33mSupportTicketReplyFormData[0m } [36mfrom[0m [32m'@/lib/validations'[0m
  [90m   |[0m [31m[1m^^^^^^^^^^^^^^^^^^^^^^^^^^^^^^^^^^^^^^^^^^^^^^^^^^^^^^^^^^^^^^^^^^^^^^^^^^^^^^^^^^^^^^^^[0m
  [90m15 |[0m [36mimport[0m { toast } [36mfrom[0m [32m'sonner'[0m
  [90m16 |[0m
  [90m17 |[0m [36mexport[0m [36mdefault[0m [36mfunction[0m [33mSupportTicketsPage[0m() {

The export supportTicketReplySchema was not found in module [project]/src/lib/validations.ts [app-client] (ecmascript).
Did you mean to import checkLocationPermissions?
All exports of the module are statically known (It doesn't have dynamic exports). So it's known statically that the requested export doesn't exist.

Import traces:
  Client Component Browser:
    ./src/app/(dashboard)/support/page.tsx [Client Component Browser]
    ./src/app/(dashboard)/support/page.tsx [Server Component]

  Client Component SSR:
    ./src/app/(dashboard)/support/page.tsx [Client Component SSR]
    ./src/app/(dashboard)/support/page.tsx [Server Component]


./src/app/(dashboard)/support/page.tsx:14:1
Export supportTicketReplySchema doesn't exist in target module
  [90m12 |[0m [36mimport[0m { useForm } [36mfrom[0m [32m'react-hook-form'[0m
  [90m13 |[0m [36mimport[0m { zodResolver } [36mfrom[0m [32m'@hookform/resolvers/zod'[0m
[31m[1m>[0m [90m14 |[0m [36mimport[0m { supportTicketReplySchema, [33mSupportTicketReplyFormData[0m } [36mfrom[0m [32m'@/lib/validations'[0m
  [90m   |[0m [31m[1m^^^^^^^^^^^^^^^^^^^^^^^^^^^^^^^^^^^^^^^^^^^^^^^^^^^^^^^^^^^^^^^^^^^^^^^^^^^^^^^^^^^^^^^^[0m
  [90m15 |[0m [36mimport[0m { toast } [36mfrom[0m [32m'sonner'[0m
  [90m16 |[0m
  [90m17 |[0m [36mexport[0m [36mdefault[0m [36mfunction[0m [33mSupportTicketsPage[0m() {

The export supportTicketReplySchema was not found in module [project]/src/lib/validations.ts [app-ssr] (ecmascript).
Did you mean to import checkLocationPermissions?
All exports of the module are statically known (It doesn't have dynamic exports). So it's known statically that the requested export doesn't exist.

Import traces:
  Client Component Browser:
    ./src/app/(dashboard)/support/page.tsx [Client Component Browser]
    ./src/app/(dashboard)/support/page.tsx [Server Component]

  Client Component SSR:
    ./src/app/(dashboard)/support/page.tsx [Client Component SSR]
    ./src/app/(dashboard)/support/page.tsx [Server Component]


./src/app/(dashboard)/users/page.tsx:14:1
Export userSchema doesn't exist in target module
  [90m12 |[0m [36mimport[0m { useForm } [36mfrom[0m [32m'react-hook-form'[0m
  [90m13 |[0m [36mimport[0m { zodResolver } [36mfrom[0m [32m'@hookform/resolvers/zod'[0m
[31m[1m>[0m [90m14 |[0m [36mimport[0m { userSchema, [33mUserFormData[0m } [36mfrom[0m [32m'@/lib/validations'[0m
  [90m   |[0m [31m[1m^^^^^^^^^^^^^^^^^^^^^^^^^^^^^^^^^^^^^^^^^^^^^^^^^^^^^^^^^^^^[0m
  [90m15 |[0m [36mimport[0m { toast } [36mfrom[0m [32m'sonner'[0m
  [90m16 |[0m
  [90m17 |[0m [36mexport[0m [36mdefault[0m [36mfunction[0m [33mUsersPage[0m() {

The export userSchema was not found in module [project]/src/lib/validations.ts [app-client] (ecmascript).
Did you mean to import checkLocationPermissions?
All exports of the module are statically known (It doesn't have dynamic exports). So it's known statically that the requested export doesn't exist.

Import traces:
  Client Component Browser:
    ./src/app/(dashboard)/users/page.tsx [Client Component Browser]
    ./src/app/(dashboard)/users/page.tsx [Server Component]

  Client Component SSR:
    ./src/app/(dashboard)/users/page.tsx [Client Component SSR]
    ./src/app/(dashboard)/users/page.tsx [Server Component]


./src/app/(dashboard)/users/page.tsx:14:1
Export userSchema doesn't exist in target module
  [90m12 |[0m [36mimport[0m { useForm } [36mfrom[0m [32m'react-hook-form'[0m
  [90m13 |[0m [36mimport[0m { zodResolver } [36mfrom[0m [32m'@hookform/resolvers/zod'[0m
[31m[1m>[0m [90m14 |[0m [36mimport[0m { userSchema, [33mUserFormData[0m } [36mfrom[0m [32m'@/lib/validations'[0m
  [90m   |[0m [31m[1m^^^^^^^^^^^^^^^^^^^^^^^^^^^^^^^^^^^^^^^^^^^^^^^^^^^^^^^^^^^^[0m
  [90m15 |[0m [36mimport[0m { toast } [36mfrom[0m [32m'sonner'[0m
  [90m16 |[0m
  [90m17 |[0m [36mexport[0m [36mdefault[0m [36mfunction[0m [33mUsersPage[0m() {

The export userSchema was not found in module [project]/src/lib/validations.ts [app-ssr] (ecmascript).
Did you mean to import checkLocationPermissions?
All exports of the module are statically known (It doesn't have dynamic exports). So it's known statically that the requested export doesn't exist.

Import traces:
  Client Component Browser:
    ./src/app/(dashboard)/users/page.tsx [Client Component Browser]
    ./src/app/(dashboard)/users/page.tsx [Server Component]

  Client Component SSR:
    ./src/app/(dashboard)/users/page.tsx [Client Component SSR]
    ./src/app/(dashboard)/users/page.tsx [Server Component]


./src/app/(dashboard)/vehicles/page.tsx:13:1
Export vehicleSchema doesn't exist in target module
  [90m11 |[0m [36mimport[0m { useForm } [36mfrom[0m [32m'react-hook-form'[0m
  [90m12 |[0m [36mimport[0m { zodResolver } [36mfrom[0m [32m'@hookform/resolvers/zod'[0m
[31m[1m>[0m [90m13 |[0m [36mimport[0m { vehicleSchema, [33mVehicleFormData[0m } [36mfrom[0m [32m'@/lib/validations'[0m
  [90m   |[0m [31m[1m^^^^^^^^^^^^^^^^^^^^^^^^^^^^^^^^^^^^^^^^^^^^^^^^^^^^^^^^^^^^^^^^^^[0m
  [90m14 |[0m [36mimport[0m { toast } [36mfrom[0m [32m'sonner'[0m
  [90m15 |[0m
  [90m16 |[0m [36mexport[0m [36mdefault[0m [36mfunction[0m [33mVehiclesPage[0m() {

The export vehicleSchema was not found in module [project]/src/lib/validations.ts [app-client] (ecmascript).
Did you mean to import checkLocationPermissions?
All exports of the module are statically known (It doesn't have dynamic exports). So it's known statically that the requested export doesn't exist.

Import traces:
  Client Component Browser:
    ./src/app/(dashboard)/vehicles/page.tsx [Client Component Browser]
    ./src/app/(dashboard)/vehicles/page.tsx [Server Component]

  Client Component SSR:
    ./src/app/(dashboard)/vehicles/page.tsx [Client Component SSR]
    ./src/app/(dashboard)/vehicles/page.tsx [Server Component]


./src/app/(dashboard)/vehicles/page.tsx:13:1
Export vehicleSchema doesn't exist in target module
  [90m11 |[0m [36mimport[0m { useForm } [36mfrom[0m [32m'react-hook-form'[0m
  [90m12 |[0m [36mimport[0m { zodResolver } [36mfrom[0m [32m'@hookform/resolvers/zod'[0m
[31m[1m>[0m [90m13 |[0m [36mimport[0m { vehicleSchema, [33mVehicleFormData[0m } [36mfrom[0m [32m'@/lib/validations'[0m
  [90m   |[0m [31m[1m^^^^^^^^^^^^^^^^^^^^^^^^^^^^^^^^^^^^^^^^^^^^^^^^^^^^^^^^^^^^^^^^^^[0m
  [90m14 |[0m [36mimport[0m { toast } [36mfrom[0m [32m'sonner'[0m
  [90m15 |[0m
  [90m16 |[0m [36mexport[0m [36mdefault[0m [36mfunction[0m [33mVehiclesPage[0m() {

The export vehicleSchema was not found in module [project]/src/lib/validations.ts [app-ssr] (ecmascript).
Did you mean to import checkLocationPermissions?
All exports of the module are statically known (It doesn't have dynamic exports). So it's known statically that the requested export doesn't exist.

Import traces:
  Client Component Browser:
    ./src/app/(dashboard)/vehicles/page.tsx [Client Component Browser]
    ./src/app/(dashboard)/vehicles/page.tsx [Server Component]

  Client Component SSR:
    ./src/app/(dashboard)/vehicles/page.tsx [Client Component SSR]
    ./src/app/(dashboard)/vehicles/page.tsx [Server Component]


    at <unknown> (./src/app/(dashboard)/bookings/page.tsx:16:1)
    at <unknown> (./src/app/(dashboard)/bookings/page.tsx:16:1)
    at <unknown> (./src/app/(dashboard)/coupons/page.tsx:14:1)
    at <unknown> (./src/app/(dashboard)/coupons/page.tsx:14:1)
    at <unknown> (./src/app/(dashboard)/drivers/page.tsx:14:1)
    at <unknown> (./src/app/(dashboard)/drivers/page.tsx:14:1)
    at <unknown> (./src/app/(dashboard)/coupons/page.tsx:14:1)
    at <unknown> (./src/app/(dashboard)/coupons/page.tsx:14:1)
    at <unknown> (./src/app/(dashboard)/support/page.tsx:14:1)
    at <unknown> (./src/app/(dashboard)/support/page.tsx:14:1)
    at <unknown> (./src/app/(dashboard)/users/page.tsx:14:1)
    at <unknown> (./src/app/(dashboard)/users/page.tsx:14:1)
    at <unknown> (./src/app/(dashboard)/vehicles/page.tsx:13:1)
    at <unknown> (./src/app/(dashboard)/vehicles/page.tsx:13:1)
